// Jest Snapshot v1, https://goo.gl/fbAQLP

exports[`value of enum should work 1`] = `
Array [
  "hello",
]
`;
